serving on 8811
ENOENT: no such file or directory, open './favicon.ico'
    path: "./favicon.ico",
 syscall: "open",
   errno: -2,
    code: "ENOENT"

GET - /favicon.ico failed
ENOENT: no such file or directory, open './favicon.ico'
    path: "./favicon.ico",
 syscall: "open",
   errno: -2,
    code: "ENOENT"

GET - /favicon.ico failed
ENOENT: no such file or directory, open './favicon.ico'
    path: "./favicon.ico",
 syscall: "open",
   errno: -2,
    code: "ENOENT"

GET - /favicon.ico failed
ENOENT: no such file or directory, open './favicon.ico'
    path: "./favicon.ico",
 syscall: "open",
   errno: -2,
    code: "ENOENT"

GET - /favicon.ico failed
ENOENT: no such file or directory, open './favicon.ico'
    path: "./favicon.ico",
 syscall: "open",
   errno: -2,
    code: "ENOENT"

GET - /favicon.ico failed
ENOENT: no such file or directory, open './favicon.ico'
    path: "./favicon.ico",
 syscall: "open",
   errno: -2,
    code: "ENOENT"

GET - /favicon.ico failed
ENOENT: no such file or directory, open './favicon.ico'
    path: "./favicon.ico",
 syscall: "open",
   errno: -2,
    code: "ENOENT"

GET - /favicon.ico failed
ENOENT: no such file or directory, open './favicon.ico'
    path: "./favicon.ico",
 syscall: "open",
   errno: -2,
    code: "ENOENT"

GET - /favicon.ico failed
ENOENT: no such file or directory, open './favicon.ico'
    path: "./favicon.ico",
 syscall: "open",
   errno: -2,
    code: "ENOENT"

GET - /favicon.ico failed
ENOENT: no such file or directory, open './favicon.ico'
    path: "./favicon.ico",
 syscall: "open",
   errno: -2,
    code: "ENOENT"

GET - /favicon.ico failed
ENOENT: no such file or directory, open './favicon.ico'
    path: "./favicon.ico",
 syscall: "open",
   errno: -2,
    code: "ENOENT"

GET - /favicon.ico failed
ENOENT: no such file or directory, open './favicon.ico'
    path: "./favicon.ico",
 syscall: "open",
   errno: -2,
    code: "ENOENT"

GET - /favicon.ico failed
ENOENT: no such file or directory, open './favicon.ico'
    path: "./favicon.ico",
 syscall: "open",
   errno: -2,
    code: "ENOENT"

GET - /favicon.ico failed
ENOENT: no such file or directory, open './favicon.ico'
    path: "./favicon.ico",
 syscall: "open",
   errno: -2,
    code: "ENOENT"

GET - /favicon.ico failed
ENOENT: no such file or directory, open './favicon.ico'
    path: "./favicon.ico",
 syscall: "open",
   errno: -2,
    code: "ENOENT"

GET - /favicon.ico failed
ENOENT: no such file or directory, open './favicon.ico'
    path: "./favicon.ico",
 syscall: "open",
   errno: -2,
    code: "ENOENT"

GET - /favicon.ico failed
ENOENT: no such file or directory, open './favicon.ico'
    path: "./favicon.ico",
 syscall: "open",
   errno: -2,
    code: "ENOENT"

GET - /favicon.ico failed
ENOENT: no such file or directory, open './favicon.ico'
    path: "./favicon.ico",
 syscall: "open",
   errno: -2,
    code: "ENOENT"

GET - /favicon.ico failed
ENOENT: no such file or directory, open './favicon.ico'
    path: "./favicon.ico",
 syscall: "open",
   errno: -2,
    code: "ENOENT"

GET - /favicon.ico failed
